{
  "migrations": [
    {
      "migration_id": 20210826184458,
      "migration_name": "AddMergeMethodToMergeQueue",
      "table_names": [
        "merge_queues"
      ],
      "type": "migration"
    },
    {
      "migration_id": 20210928190124,
      "migration_name": "AdjustMergeQueueDefaults",
      "table_names": [
        "merge_queues"
      ],
      "type": "migration"
    },
    {
      "migration_id": 20211130142259,
      "migration_name": "BackfillRepositoryIdOnArchivedDeploymentStatusesTransition",
      "table_names": [
        "archived_deployment_statuses",
        "archived_deployments",
        "deployments"
      ],
      "type": "transition"
    },
    {
      "migration_id": 20211201092419,
      "migration_name": "BackfillRepositoryIdOnDeploymentStatusesTransition",
      "table_names": [
        "deployment_statuses",
        "deployments"
      ],
      "type": "transition"
    },
    {
      "migration_id": 20211206155530,
      "migration_name": "DeleteArchivedDeploymentStatusesWithNoParentTransition",
      "table_names": [
        "archived_deployment_statuses",
        "archived_deployments",
        "deployments"
      ],
      "type": "transition"
    },
    {
      "migration_id": 20211216093044,
      "migration_name": "DeleteDeploymentStatusesWithNoParentTransition",
      "table_names": [
        "deployment_statuses",
        "deployments"
      ],
      "type": "transition"
    },
    {
      "migration_id": 20220303123224,
      "migration_name": "RemoveColumnsFromMergeQueues",
      "table_names": [
        "merge_queues"
      ],
      "type": "migration"
    },
    {
      "migration_id": 20230103230146,
      "migration_name": "AddNewConfigurationSettingsToMergeQueues",
      "table_names": [
        "merge_queues"
      ],
      "type": "migration"
    },
    {
      "migration_id": 20230223164004,
      "migration_name": "AddDependabotAlertFgpsTransition",
      "table_names": [
        "fine_grained_permissions",
        "role_permissions",
        "roles"
      ],
      "type": "transition"
    },

    {
      "migration_id": 20230228204622,
      "migration_name": "AddEditCategoryOnDiscussionFgpTransition",
      "table_names": [
        "fine_grained_permissions",
        "role_permissions",
        "roles"
      ],
      "type": "transition"
    },
    {
      "migration_id": 20230306222557,
      "migration_name": "AddManageDiscussionBadgesFgpTransition",
      "table_names": [
        "fine_grained_permissions",
        "role_permissions",
        "roles"
      ],
      "type": "transition"
    },
    {
      "migration_id": 20230308001159,
      "migration_name": "AddDeleteDiscussionCommentFgpTransition",
      "table_names": [
        "fine_grained_permissions",
        "role_permissions",
        "roles"
      ],
      "type": "transition"
    },
    {
      "migration_id": 20230601041124,
      "migration_name": "AddOrganizationRefRulesFgpTransition",
      "table_names": [
        "fine_grained_permissions",
        "role_permissions",
        "roles"
      ],
      "type": "transition"
    },
    {
      "migration_id": 20230608173417,
      "migration_name": "AddRepoActionFgpsTransition",
      "table_names": [
        "fine_grained_permissions",
        "role_permissions",
        "roles"
      ],
      "type": "transition"
    }
  ],
  "version": 1
}
